[2026-08-03 09:50:40.254] [INFO ] [background-preinit] org.hibernate.validator.internal.util.Version HV000001: Hibernate Validator 8.0.3.Final
[2026-08-03 09:50:40.290] [INFO ] [restartedMain] com.webjjang.api.WebjjangBackApplication Starting WebjjangBackApplication using Java 17.0.12 with PID 20016 (D:\leeyh\workspace\springboot-react-project\202512springboot_react_project\webjjang_back\target\classes started by User in D:\leeyh\workspace\springboot-react-project\202512springboot_react_project\webjjang_back)
[2026-08-03 09:50:40.290] [INFO ] [restartedMain] com.webjjang.api.WebjjangBackApplication No active profile set, falling back to 1 default profile: "default"
[2026-08-03 09:50:40.319] [INFO ] [restartedMain] org.springframework.boot.devtools.env.DevToolsPropertyDefaultsPostProcessor Devtools property defaults active! Set 'spring.devtools.add-properties' to 'false' to disable
[2026-08-03 09:50:40.319] [INFO ] [restartedMain] org.springframework.boot.devtools.env.DevToolsPropertyDefaultsPostProcessor For additional web related logging consider setting the 'logging.level.web' property to 'DEBUG'
[2026-08-03 09:50:41.625] [INFO ] [restartedMain] org.springframework.data.repository.config.RepositoryConfigurationDelegate Bootstrapping Spring Data JPA repositories in DEFAULT mode.
[2026-08-03 09:50:41.751] [INFO ] [restartedMain] org.springframework.data.repository.config.RepositoryConfigurationDelegate Finished Spring Data repository scanning in 119 ms. Found 5 JPA repository interfaces.
[2026-08-03 09:50:42.240] [INFO ] [restartedMain] org.springframework.boot.web.embedded.tomcat.TomcatWebServer Tomcat initialized with port 80 (http)
[2026-08-03 09:50:42.249] [INFO ] [restartedMain] org.apache.coyote.http11.Http11NioProtocol Initializing ProtocolHandler ["http-nio-80"]
[2026-08-03 09:50:42.250] [INFO ] [restartedMain] org.apache.catalina.core.StandardService Starting service [Tomcat]
[2026-08-03 09:50:42.250] [INFO ] [restartedMain] org.apache.catalina.core.StandardEngine Starting Servlet engine: [Apache Tomcat/10.1.55]
[2026-08-03 09:50:42.298] [INFO ] [restartedMain] org.apache.catalina.core.ContainerBase.[Tomcat].[localhost].[/] Initializing Spring embedded WebApplicationContext
[2026-08-03 09:50:42.298] [INFO ] [restartedMain] org.springframework.boot.web.servlet.context.ServletWebServerApplicationContext Root WebApplicationContext: initialization completed in 1979 ms
[2026-08-03 09:50:42.442] [INFO ] [restartedMain] org.hibernate.jpa.internal.util.LogHelper HHH000204: Processing PersistenceUnitInfo [name: default]
[2026-08-03 09:50:42.489] [INFO ] [restartedMain] org.hibernate.Version HHH000412: Hibernate ORM core version 6.6.53.Final
[2026-08-03 09:50:42.519] [INFO ] [restartedMain] org.hibernate.cache.internal.RegionFactoryInitiator HHH000026: Second-level cache disabled
[2026-08-03 09:50:42.712] [INFO ] [restartedMain] org.springframework.orm.jpa.persistenceunit.SpringPersistenceUnitInfo No LoadTimeWeaver setup: ignoring JPA class transformer
[2026-08-03 09:50:42.732] [INFO ] [restartedMain] com.zaxxer.hikari.HikariDataSource HikariPool-1 - Starting...
[2026-08-03 09:50:42.799] [INFO ] [restartedMain] com.zaxxer.hikari.pool.HikariPool HikariPool-1 - Added connection org.mariadb.jdbc.Connection@1e2c11ff
[2026-08-03 09:50:42.800] [INFO ] [restartedMain] com.zaxxer.hikari.HikariDataSource HikariPool-1 - Start completed.
[2026-08-03 09:50:42.838] [INFO ] [restartedMain] org.hibernate.orm.connections.pooling HHH10001005: Database info:
	Database JDBC URL [Connecting through datasource 'HikariDataSource (HikariPool-1)']
	Database driver: undefined/unknown
	Database version: 10.6.27
	Autocommit mode: undefined/unknown
	Isolation level: undefined/unknown
	Minimum pool size: undefined/unknown
	Maximum pool size: undefined/unknown
[2026-08-03 09:50:43.756] [INFO ] [restartedMain] org.hibernate.engine.transaction.jta.platform.internal.JtaPlatformInitiator HHH000489: No JTA platform available (set 'hibernate.transaction.jta.platform' to enable JTA platform integration)
[2026-08-03 09:50:43.758] [INFO ] [restartedMain] org.springframework.orm.jpa.LocalContainerEntityManagerFactoryBean Initialized JPA EntityManagerFactory for persistence unit 'default'
[2026-08-03 09:50:43.986] [INFO ] [restartedMain] com.webjjang.api.config.security.JwtTokenProvider [init] JwtTokenProvider 내 secretKey 이용 key 초기화 시작
[2026-08-03 09:50:43.989] [INFO ] [restartedMain] com.webjjang.api.config.security.JwtTokenProvider [init] JwtTokenProvider 내 secretKey 이용 key 초기화 초기화 완료
[2026-08-03 09:50:44.307] [WARN ] [restartedMain] org.springframework.boot.autoconfigure.orm.jpa.JpaBaseConfiguration$JpaWebConfiguration spring.jpa.open-in-view is enabled by default. Therefore, database queries may be performed during view rendering. Explicitly configure spring.jpa.open-in-view to disable this warning
[2026-08-03 09:50:44.329] [WARN ] [restartedMain] org.springframework.boot.autoconfigure.security.servlet.UserDetailsServiceAutoConfiguration 

Using generated security password: 2204c647-d1b3-437f-bac0-8740b4c456f9

This generated password is for development use only. Your security configuration must be updated before running your application in production.

[2026-08-03 09:50:44.335] [INFO ] [restartedMain] org.springframework.security.config.annotation.authentication.configuration.InitializeUserDetailsBeanManagerConfigurer$InitializeUserDetailsManagerConfigurer Global AuthenticationManager configured with UserDetailsService bean with name inMemoryUserDetailsManager
[2026-08-03 09:50:44.484] [INFO ] [restartedMain] com.webjjang.api.config.WebConfig [addResourceHandlers] image URI 폴더 추가 ------
[2026-08-03 09:50:44.570] [INFO ] [restartedMain] org.springframework.boot.actuate.endpoint.web.EndpointLinksResolver Exposing 1 endpoint beneath base path '/actuator'
[2026-08-03 09:50:44.601] [WARN ] [restartedMain] org.springframework.security.config.annotation.web.configurers.AuthorizeHttpRequestsConfigurer$AuthorizationManagerRequestMatcherRegistry One of the patterns in [**exception**] is missing a leading slash. This is discouraged; please include the leading slash in all your request matcher patterns. In future versions of Spring Security, leaving out the leading slash will result in an exception.
[2026-08-03 09:50:44.872] [INFO ] [restartedMain] org.springframework.boot.devtools.autoconfigure.OptionalLiveReloadServer LiveReload server is running on port 35729
[2026-08-03 09:50:44.907] [INFO ] [restartedMain] org.apache.coyote.http11.Http11NioProtocol Starting ProtocolHandler ["http-nio-80"]
[2026-08-03 09:50:44.919] [INFO ] [restartedMain] org.springframework.boot.web.embedded.tomcat.TomcatWebServer Tomcat started on port 80 (http) with context path '/'
[2026-08-03 09:50:44.930] [INFO ] [restartedMain] com.webjjang.api.WebjjangBackApplication Started WebjjangBackApplication in 5.02 seconds (process running for 5.672)
[2026-08-03 09:50:44.934] [WARN ] [restartedMain] org.springdoc.core.events.SpringDocAppInitializer SpringDoc /v3/api-docs endpoint is enabled by default. To disable it in production, set the property 'springdoc.api-docs.enabled=false'
[2026-08-03 09:50:44.934] [WARN ] [restartedMain] org.springdoc.core.events.SpringDocAppInitializer SpringDoc /swagger-ui.html endpoint is enabled by default. To disable it in production, set the property 'springdoc.swagger-ui.enabled=false'
[2026-08-03 09:50:45.216] [INFO ] [RMI TCP Connection(3)-10.15.21.178] org.apache.catalina.core.ContainerBase.[Tomcat].[localhost].[/] Initializing Spring DispatcherServlet 'dispatcherServlet'
[2026-08-03 09:50:45.217] [INFO ] [RMI TCP Connection(3)-10.15.21.178] org.springframework.web.servlet.DispatcherServlet Initializing Servlet 'dispatcherServlet'
[2026-08-03 09:50:45.218] [INFO ] [RMI TCP Connection(3)-10.15.21.178] org.springframework.web.servlet.DispatcherServlet Completed initialization in 1 ms
[2026-08-03 09:51:39.553] [INFO ] [http-nio-80-exec-1] com.webjjang.api.config.security.JwtTokenProvider [resolveToken] Http 헤더에서 Token 값을 추출
[2026-08-03 09:51:39.557] [INFO ] [http-nio-80-exec-1] com.webjjang.api.config.security.JwtAuthenticationFilter [doFilterInternal] token 값 추출 완료. token : null
[2026-08-03 09:51:39.557] [INFO ] [http-nio-80-exec-1] com.webjjang.api.config.security.JwtAuthenticationFilter [doFilterInternal] token 값 유효성 체크 시작
[2026-08-03 09:51:39.557] [INFO ] [http-nio-80-exec-1] com.webjjang.api.config.security.JwtAuthenticationFilter [doFilterInternal] token 값 유효성 체크 완료
[2026-08-03 09:51:40.027] [INFO ] [http-nio-80-exec-2] com.webjjang.api.config.security.JwtTokenProvider [resolveToken] Http 헤더에서 Token 값을 추출
[2026-08-03 09:51:40.027] [INFO ] [http-nio-80-exec-4] com.webjjang.api.config.security.JwtTokenProvider [resolveToken] Http 헤더에서 Token 값을 추출
[2026-08-03 09:51:40.027] [INFO ] [http-nio-80-exec-3] com.webjjang.api.config.security.JwtTokenProvider [resolveToken] Http 헤더에서 Token 값을 추출
[2026-08-03 09:51:40.027] [INFO ] [http-nio-80-exec-6] com.webjjang.api.config.security.JwtTokenProvider [resolveToken] Http 헤더에서 Token 값을 추출
[2026-08-03 09:51:40.027] [INFO ] [http-nio-80-exec-5] com.webjjang.api.config.security.JwtTokenProvider [resolveToken] Http 헤더에서 Token 값을 추출
[2026-08-03 09:51:40.027] [INFO ] [http-nio-80-exec-2] com.webjjang.api.config.security.JwtAuthenticationFilter [doFilterInternal] token 값 추출 완료. token : null
[2026-08-03 09:51:40.027] [INFO ] [http-nio-80-exec-6] com.webjjang.api.config.security.JwtAuthenticationFilter [doFilterInternal] token 값 추출 완료. token : null
[2026-08-03 09:51:40.027] [INFO ] [http-nio-80-exec-3] com.webjjang.api.config.security.JwtAuthenticationFilter [doFilterInternal] token 값 추출 완료. token : null
[2026-08-03 09:51:40.027] [INFO ] [http-nio-80-exec-4] com.webjjang.api.config.security.JwtAuthenticationFilter [doFilterInternal] token 값 추출 완료. token : null
[2026-08-03 09:51:40.028] [INFO ] [http-nio-80-exec-6] com.webjjang.api.config.security.JwtAuthenticationFilter [doFilterInternal] token 값 유효성 체크 시작
[2026-08-03 09:51:40.028] [INFO ] [http-nio-80-exec-5] com.webjjang.api.config.security.JwtAuthenticationFilter [doFilterInternal] token 값 추출 완료. token : null
[2026-08-03 09:51:40.028] [INFO ] [http-nio-80-exec-3] com.webjjang.api.config.security.JwtAuthenticationFilter [doFilterInternal] token 값 유효성 체크 시작
[2026-08-03 09:51:40.028] [INFO ] [http-nio-80-exec-5] com.webjjang.api.config.security.JwtAuthenticationFilter [doFilterInternal] token 값 유효성 체크 시작
[2026-08-03 09:51:40.028] [INFO ] [http-nio-80-exec-2] com.webjjang.api.config.security.JwtAuthenticationFilter [doFilterInternal] token 값 유효성 체크 시작
[2026-08-03 09:51:40.028] [INFO ] [http-nio-80-exec-5] com.webjjang.api.config.security.JwtAuthenticationFilter [doFilterInternal] token 값 유효성 체크 완료
[2026-08-03 09:51:40.028] [INFO ] [http-nio-80-exec-4] com.webjjang.api.config.security.JwtAuthenticationFilter [doFilterInternal] token 값 유효성 체크 시작
[2026-08-03 09:51:40.028] [INFO ] [http-nio-80-exec-2] com.webjjang.api.config.security.JwtAuthenticationFilter [doFilterInternal] token 값 유효성 체크 완료
[2026-08-03 09:51:40.028] [INFO ] [http-nio-80-exec-4] com.webjjang.api.config.security.JwtAuthenticationFilter [doFilterInternal] token 값 유효성 체크 완료
[2026-08-03 09:51:40.028] [INFO ] [http-nio-80-exec-6] com.webjjang.api.config.security.JwtAuthenticationFilter [doFilterInternal] token 값 유효성 체크 완료
[2026-08-03 09:51:40.028] [INFO ] [http-nio-80-exec-3] com.webjjang.api.config.security.JwtAuthenticationFilter [doFilterInternal] token 값 유효성 체크 완료
[2026-08-03 09:51:40.165] [INFO ] [http-nio-80-exec-7] com.webjjang.api.config.security.JwtTokenProvider [resolveToken] Http 헤더에서 Token 값을 추출
[2026-08-03 09:51:40.165] [INFO ] [http-nio-80-exec-7] com.webjjang.api.config.security.JwtAuthenticationFilter [doFilterInternal] token 값 추출 완료. token : null
[2026-08-03 09:51:40.165] [INFO ] [http-nio-80-exec-7] com.webjjang.api.config.security.JwtAuthenticationFilter [doFilterInternal] token 값 유효성 체크 시작
[2026-08-03 09:51:40.166] [INFO ] [http-nio-80-exec-7] com.webjjang.api.config.security.JwtAuthenticationFilter [doFilterInternal] token 값 유효성 체크 완료
[2026-08-03 09:51:40.583] [INFO ] [http-nio-80-exec-7] com.webjjang.api.pacs.service.PacsServiceImpl [getStudyList] ids = [3d03892c-fe16a397-b54727fd-34224e15-421e37a7]
[2026-08-03 09:51:40.593] [INFO ] [http-nio-80-exec-7] com.webjjang.api.pacs.service.PacsServiceImpl [getStudyList] study = {ID=3d03892c-fe16a397-b54727fd-34224e15-421e37a7, IsStable=true, Labels=[], LastUpdate=20260730T023842, MainDicomTags={AccessionNumber=, ReferringPhysicianName=, StudyDate=20000101, StudyID=, StudyInstanceUID=1.3.6.1.4.1.14519.5.2.1.6279.6001.298806137288633453246975630178, StudyTime=}, ParentPatient=98e1d3de-b182c097-7a323e45-9b75fe68-45bdea8a, PatientMainDicomTags={PatientBirthDate=, PatientID=LIDC-IDRI-0001, PatientName=홍길동, PatientSex=}, Series=[1ddda848-9c2a7f23-3f580cf0-ee14b84f-e8561c0f], Type=Study}
[2026-08-03 09:51:40.593] [INFO ] [http-nio-80-exec-7] com.webjjang.api.pacs.service.PacsServiceImpl [getStudyList] study.mainDicomTags = {AccessionNumber=, ReferringPhysicianName=, StudyDate=20000101, StudyID=, StudyInstanceUID=1.3.6.1.4.1.14519.5.2.1.6279.6001.298806137288633453246975630178, StudyTime=}
[2026-08-03 09:51:40.593] [INFO ] [http-nio-80-exec-7] com.webjjang.api.pacs.service.PacsServiceImpl [getStudyList] study.patientMainDicomTags = {PatientBirthDate=, PatientID=LIDC-IDRI-0001, PatientName=홍길동, PatientSex=}
[2026-08-03 09:51:46.374] [INFO ] [http-nio-80-exec-8] com.webjjang.api.config.security.JwtTokenProvider [resolveToken] Http 헤더에서 Token 값을 추출
[2026-08-03 09:51:46.374] [INFO ] [http-nio-80-exec-8] com.webjjang.api.config.security.JwtAuthenticationFilter [doFilterInternal] token 값 추출 완료. token : null
[2026-08-03 09:51:46.375] [INFO ] [http-nio-80-exec-8] com.webjjang.api.config.security.JwtAuthenticationFilter [doFilterInternal] token 값 유효성 체크 시작
[2026-08-03 09:51:46.375] [INFO ] [http-nio-80-exec-8] com.webjjang.api.config.security.JwtAuthenticationFilter [doFilterInternal] token 값 유효성 체크 완료
[2026-08-03 09:51:46.386] [INFO ] [http-nio-80-exec-8] com.webjjang.api.pacs.controller.PacsRestController [getStudyDetail] id = 3d03892c-fe16a397-b54727fd-34224e15-421e37a7
[2026-08-03 09:51:46.400] [INFO ] [http-nio-80-exec-8] com.webjjang.api.pacs.service.PacsServiceImpl [getSeries] series = {ExpectedNumberOfInstances=null, ID=1ddda848-9c2a7f23-3f580cf0-ee14b84f-e8561c0f, Instances=[09e80a97-65aa5a19-b051a9b7-dbdd3a0c-2500cb1e, bd343fb2-0e449f34-5545a524-bc0c653e-7d2de194], IsStable=true, Labels=[], LastUpdate=20260730T023842, MainDicomTags={BodyPartExamined=CHEST, ContrastBolusAgent=IV, ImageOrientationPatient=1.000000\0.000000\0.000000\0.000000\1.000000\0.000000, Manufacturer=GE MEDICAL SYSTEMS, Modality=CT, PerformedProcedureStepStartDate=20000101, SeriesDate=20000101, SeriesInstanceUID=1.3.6.1.4.1.14519.5.2.1.6279.6001.179049373636438705059720603192, SeriesNumber=3000566}, ParentStudy=3d03892c-fe16a397-b54727fd-34224e15-421e37a7, Status=Unknown, Type=Series}
[2026-08-03 09:56:03.633] [INFO ] [File Watcher] org.springframework.boot.devtools.autoconfigure.LocalDevToolsAutoConfiguration$RestartingClassPathChangeChangedEventListener Restarting due to 1 class path change (1 addition, 0 deletions, 0 modifications)
[2026-08-03 09:56:03.637] [INFO ] [Thread-5] org.springframework.boot.web.embedded.tomcat.GracefulShutdown Commencing graceful shutdown. Waiting for active requests to complete
[2026-08-03 09:56:03.639] [INFO ] [tomcat-shutdown] org.apache.coyote.http11.Http11NioProtocol Pausing ProtocolHandler ["http-nio-80"]
[2026-08-03 09:56:03.758] [INFO ] [tomcat-shutdown] org.springframework.boot.web.embedded.tomcat.GracefulShutdown Graceful shutdown complete
[2026-08-03 09:56:03.759] [INFO ] [Thread-5] org.apache.coyote.http11.Http11NioProtocol Stopping ProtocolHandler ["http-nio-80"]
[2026-08-03 09:56:03.790] [INFO ] [Thread-5] org.springframework.orm.jpa.LocalContainerEntityManagerFactoryBean Closing JPA EntityManagerFactory for persistence unit 'default'
[2026-08-03 09:56:03.793] [INFO ] [Thread-5] com.zaxxer.hikari.HikariDataSource HikariPool-1 - Shutdown initiated...
[2026-08-03 09:56:03.797] [INFO ] [Thread-5] com.zaxxer.hikari.HikariDataSource HikariPool-1 - Shutdown completed.
[2026-08-03 09:56:03.876] [INFO ] [restartedMain] com.webjjang.api.WebjjangBackApplication Starting WebjjangBackApplication using Java 17.0.12 with PID 20016 (D:\leeyh\workspace\springboot-react-project\202512springboot_react_project\webjjang_back\target\classes started by User in D:\leeyh\workspace\springboot-react-project\202512springboot_react_project\webjjang_back)
[2026-08-03 09:56:03.877] [INFO ] [restartedMain] com.webjjang.api.WebjjangBackApplication No active profile set, falling back to 1 default profile: "default"
[2026-08-03 09:56:04.317] [INFO ] [restartedMain] org.springframework.data.repository.config.RepositoryConfigurationDelegate Bootstrapping Spring Data JPA repositories in DEFAULT mode.
[2026-08-03 09:56:04.374] [INFO ] [restartedMain] org.springframework.data.repository.config.RepositoryConfigurationDelegate Finished Spring Data repository scanning in 56 ms. Found 5 JPA repository interfaces.
[2026-08-03 09:56:04.531] [INFO ] [restartedMain] org.springframework.boot.web.embedded.tomcat.TomcatWebServer Tomcat initialized with port 80 (http)
[2026-08-03 09:56:04.532] [INFO ] [restartedMain] org.apache.coyote.http11.Http11NioProtocol Initializing ProtocolHandler ["http-nio-80"]
[2026-08-03 09:56:04.532] [INFO ] [restartedMain] org.apache.catalina.core.StandardService Starting service [Tomcat]
[2026-08-03 09:56:04.532] [INFO ] [restartedMain] org.apache.catalina.core.StandardEngine Starting Servlet engine: [Apache Tomcat/10.1.55]
[2026-08-03 09:56:04.579] [INFO ] [restartedMain] org.apache.catalina.core.ContainerBase.[Tomcat].[localhost].[/] Initializing Spring embedded WebApplicationContext
[2026-08-03 09:56:04.579] [INFO ] [restartedMain] org.springframework.boot.web.servlet.context.ServletWebServerApplicationContext Root WebApplicationContext: initialization completed in 700 ms
[2026-08-03 09:56:04.654] [INFO ] [restartedMain] org.hibernate.jpa.internal.util.LogHelper HHH000204: Processing PersistenceUnitInfo [name: default]
[2026-08-03 09:56:04.657] [INFO ] [restartedMain] org.hibernate.cache.internal.RegionFactoryInitiator HHH000026: Second-level cache disabled
[2026-08-03 09:56:04.668] [INFO ] [restartedMain] org.springframework.orm.jpa.persistenceunit.SpringPersistenceUnitInfo No LoadTimeWeaver setup: ignoring JPA class transformer
[2026-08-03 09:56:04.669] [INFO ] [restartedMain] com.zaxxer.hikari.HikariDataSource HikariPool-2 - Starting...
[2026-08-03 09:56:04.674] [INFO ] [restartedMain] com.zaxxer.hikari.pool.HikariPool HikariPool-2 - Added connection org.mariadb.jdbc.Connection@4ba53c6e
[2026-08-03 09:56:04.674] [INFO ] [restartedMain] com.zaxxer.hikari.HikariDataSource HikariPool-2 - Start completed.
[2026-08-03 09:56:04.675] [INFO ] [restartedMain] org.hibernate.orm.connections.pooling HHH10001005: Database info:
	Database JDBC URL [Connecting through datasource 'HikariDataSource (HikariPool-2)']
	Database driver: undefined/unknown
	Database version: 10.6.27
	Autocommit mode: undefined/unknown
	Isolation level: undefined/unknown
	Minimum pool size: undefined/unknown
	Maximum pool size: undefined/unknown
[2026-08-03 09:56:04.952] [INFO ] [restartedMain] org.hibernate.engine.transaction.jta.platform.internal.JtaPlatformInitiator HHH000489: No JTA platform available (set 'hibernate.transaction.jta.platform' to enable JTA platform integration)
[2026-08-03 09:56:04.953] [INFO ] [restartedMain] org.springframework.orm.jpa.LocalContainerEntityManagerFactoryBean Initialized JPA EntityManagerFactory for persistence unit 'default'
[2026-08-03 09:56:05.025] [INFO ] [restartedMain] com.webjjang.api.config.security.JwtTokenProvider [init] JwtTokenProvider 내 secretKey 이용 key 초기화 시작
[2026-08-03 09:56:05.025] [INFO ] [restartedMain] com.webjjang.api.config.security.JwtTokenProvider [init] JwtTokenProvider 내 secretKey 이용 key 초기화 초기화 완료
[2026-08-03 09:56:05.106] [WARN ] [restartedMain] org.springframework.boot.autoconfigure.orm.jpa.JpaBaseConfiguration$JpaWebConfiguration spring.jpa.open-in-view is enabled by default. Therefore, database queries may be performed during view rendering. Explicitly configure spring.jpa.open-in-view to disable this warning
[2026-08-03 09:56:05.120] [WARN ] [restartedMain] org.springframework.boot.autoconfigure.security.servlet.UserDetailsServiceAutoConfiguration 

Using generated security password: 283b8dbd-7e6a-49ea-a8fa-ad49ab4b79a1

This generated password is for development use only. Your security configuration must be updated before running your application in production.

[2026-08-03 09:56:05.122] [INFO ] [restartedMain] org.springframework.security.config.annotation.authentication.configuration.InitializeUserDetailsBeanManagerConfigurer$InitializeUserDetailsManagerConfigurer Global AuthenticationManager configured with UserDetailsService bean with name inMemoryUserDetailsManager
[2026-08-03 09:56:05.220] [INFO ] [restartedMain] com.webjjang.api.config.WebConfig [addResourceHandlers] image URI 폴더 추가 ------
[2026-08-03 09:56:05.273] [INFO ] [restartedMain] org.springframework.boot.actuate.endpoint.web.EndpointLinksResolver Exposing 1 endpoint beneath base path '/actuator'
[2026-08-03 09:56:05.298] [WARN ] [restartedMain] org.springframework.security.config.annotation.web.configurers.AuthorizeHttpRequestsConfigurer$AuthorizationManagerRequestMatcherRegistry One of the patterns in [**exception**] is missing a leading slash. This is discouraged; please include the leading slash in all your request matcher patterns. In future versions of Spring Security, leaving out the leading slash will result in an exception.
[2026-08-03 09:56:05.447] [INFO ] [restartedMain] org.springframework.boot.devtools.autoconfigure.OptionalLiveReloadServer LiveReload server is running on port 35729
[2026-08-03 09:56:05.468] [INFO ] [restartedMain] org.apache.coyote.http11.Http11NioProtocol Starting ProtocolHandler ["http-nio-80"]
[2026-08-03 09:56:05.474] [INFO ] [restartedMain] org.springframework.boot.web.embedded.tomcat.TomcatWebServer Tomcat started on port 80 (http) with context path '/'
[2026-08-03 09:56:05.488] [INFO ] [restartedMain] com.webjjang.api.WebjjangBackApplication Started WebjjangBackApplication in 1.639 seconds (process running for 326.23)
[2026-08-03 09:56:05.489] [WARN ] [restartedMain] org.springdoc.core.events.SpringDocAppInitializer SpringDoc /v3/api-docs endpoint is enabled by default. To disable it in production, set the property 'springdoc.api-docs.enabled=false'
[2026-08-03 09:56:05.490] [WARN ] [restartedMain] org.springdoc.core.events.SpringDocAppInitializer SpringDoc /swagger-ui.html endpoint is enabled by default. To disable it in production, set the property 'springdoc.swagger-ui.enabled=false'
[2026-08-03 09:56:05.491] [INFO ] [restartedMain] org.springframework.boot.devtools.autoconfigure.ConditionEvaluationDeltaLoggingListener Condition evaluation unchanged
